// Jest Snapshot v1, https://goo.gl/fbAQLP

exports[`Carousal helper test suite Removes emojis and replaces with html 1`] = `"<img class=\\"emoji\\" draggable=\\"false\\" alt=\\"❤️\\" src=\\"https://twemoji.maxcdn.com/2/72x72/2764.png\\"/>"`;

exports[`Carousal helper test suite Removes emojis and urls from text 1`] = `"<img class=\\"emoji\\" draggable=\\"false\\" alt=\\"❤️\\" src=\\"https://twemoji.maxcdn.com/2/72x72/2764.png\\"/>website is "`;
